[2026-05-12 08:40:48] Tool ID 'a' tidak ditemukan dalam database
[2026-05-12 08:41:06] Unknown column 'tr.paired_with_id' in 'where clause'
[2026-05-12 08:41:37] Unknown column 'tr.paired_with_id' in 'where clause'
[2026-05-12 08:42:07] Unknown column 'tr.paired_with_id' in 'where clause'
[2026-05-12 08:42:12] Unknown column 'tr.paired_with_id' in 'where clause'
[2026-05-12 08:42:12] Unknown column 'tr.paired_with_id' in 'where clause'
[2026-05-12 08:42:13] Unknown column 'tr.paired_with_id' in 'where clause'
[2026-05-12 08:42:13] Unknown column 'tr.paired_with_id' in 'where clause'
[2026-05-12 08:42:13] Unknown column 'tr.paired_with_id' in 'where clause'
[2026-05-12 08:42:13] Unknown column 'tr.paired_with_id' in 'where clause'
[2026-05-12 08:42:14] Unknown column 'tr.paired_with_id' in 'where clause'
[2026-05-12 08:44:08] Unknown column 'tr.paired_with_id' in 'where clause'
[2026-05-12 08:44:38] Unknown column 'tr.paired_with_id' in 'where clause'
[2026-05-12 08:44:54] Unknown column 'created_by' in 'field list'
[2026-05-12 08:45:08] Unknown column 'tr.paired_with_id' in 'where clause'
[2026-05-12 08:45:16] Unknown column 'created_by' in 'field list'
[2026-05-12 08:45:38] Unknown column 'tr.paired_with_id' in 'where clause'
[2026-05-12 08:45:56] Unknown column 'created_by' in 'field list'
[2026-05-12 08:46:01] Unknown column 'created_by' in 'field list'
[2026-05-12 08:46:08] Unknown column 'tr.paired_with_id' in 'where clause'
[2026-05-12 08:46:11] Unknown column 'created_by' in 'field list'
[2026-05-12 08:46:39] Unknown column 'tr.paired_with_id' in 'where clause'
[2026-05-12 08:46:56] Unknown column 'tr.paired_with_id' in 'where clause'
[2026-05-12 08:46:57] Unknown column 'tr.paired_with_id' in 'where clause'
[2026-05-12 08:46:57] Unknown column 'tr.paired_with_id' in 'where clause'
[2026-05-12 08:46:57] Unknown column 'tr.paired_with_id' in 'where clause'
[2026-05-12 08:46:57] Unknown column 'tr.paired_with_id' in 'where clause'
[2026-05-12 08:46:57] Unknown column 'tr.paired_with_id' in 'where clause'
[2026-05-12 08:46:57] Unknown column 'tr.paired_with_id' in 'where clause'
[2026-05-12 08:46:58] Unknown column 'tr.paired_with_id' in 'where clause'
[2026-05-12 08:46:58] Unknown column 'tr.paired_with_id' in 'where clause'
[2026-05-12 08:46:58] Unknown column 'tr.paired_with_id' in 'where clause'
[2026-05-12 08:46:58] Unknown column 'tr.paired_with_id' in 'where clause'
[2026-05-12 08:46:58] Unknown column 'tr.paired_with_id' in 'where clause'
[2026-05-12 08:46:58] Unknown column 'tr.paired_with_id' in 'where clause'
[2026-05-12 08:46:59] Unknown column 'tr.paired_with_id' in 'where clause'
[2026-05-12 08:47:30] Unknown column 'tr.paired_with_id' in 'where clause'
[2026-05-12 08:48:00] Unknown column 'tr.paired_with_id' in 'where clause'
[2026-05-12 08:48:15] Unknown database 'toolroom'
[2026-05-12 08:48:15] Unknown database 'toolroom'
[2026-05-12 08:48:15] Unknown database 'toolroom'
[2026-05-12 08:48:15] Unknown database 'toolroom'
[2026-05-12 08:48:45] Unknown database 'toolroom'
[2026-05-12 08:48:45] Unknown database 'toolroom'
[2026-05-12 08:49:15] Unknown database 'toolroom'
[2026-05-12 08:49:15] Unknown database 'toolroom'
[2026-05-12 08:49:35] API Get Next ID Error: Unknown database 'toolroom'
[2026-05-12 08:50:05] API Register Tool Error: Unknown database 'toolroom'
[2026-05-12 08:51:38] API Register Tool Error: Unknown database 'toolroom'
[2026-05-12 08:51:39] API Register Tool Error: Unknown database 'toolroom'
[2026-05-12 08:51:40] Unknown database 'toolroom'
[2026-05-12 08:51:40] Unknown database 'toolroom'
[2026-05-12 08:52:10] Unknown database 'toolroom'
[2026-05-12 08:52:10] Unknown database 'toolroom'
[2026-05-12 08:52:41] Unknown database 'toolroom'
[2026-05-12 08:52:41] Unknown database 'toolroom'
[2026-05-12 08:53:11] Unknown database 'toolroom'
[2026-05-12 08:53:11] Unknown database 'toolroom'
[2026-05-12 08:53:41] Unknown database 'toolroom'
[2026-05-12 08:53:41] Unknown database 'toolroom'
[2026-05-12 08:54:11] Unknown database 'toolroom'
[2026-05-12 08:54:11] Unknown database 'toolroom'
[2026-05-12 08:54:41] Unknown database 'toolroom'
[2026-05-12 08:54:41] Unknown database 'toolroom'
[2026-05-12 08:55:11] Unknown database 'toolroom'
[2026-05-12 08:55:11] Unknown database 'toolroom'
[2026-05-12 08:55:50] Unknown database 'toolroom'
[2026-05-12 08:55:50] Unknown database 'toolroom'
[2026-05-12 08:56:49] Unknown database 'toolroom'
[2026-05-12 08:56:49] Unknown database 'toolroom'
[2026-05-13 08:13:41] Unknown database 'toolroom'
[2026-05-13 08:13:41] Unknown database 'toolroom'
[2026-05-13 08:13:46] Unknown database 'toolroom'
[2026-05-13 08:14:06] Unknown database 'toolroom'
[2026-05-13 08:14:21] Unknown database 'toolroom'
[2026-05-13 08:14:21] Unknown database 'toolroom'
[2026-05-13 08:14:41] Unknown database 'toolroom'
[2026-05-13 08:14:41] Unknown database 'toolroom'
[2026-05-13 08:15:11] Unknown database 'toolroom'
[2026-05-13 08:15:11] Unknown database 'toolroom'
[2026-05-13 08:15:41] Unknown database 'toolroom'
[2026-05-13 08:15:41] Unknown database 'toolroom'
[2026-05-13 08:16:11] Unknown database 'toolroom'
[2026-05-13 08:16:11] Unknown database 'toolroom'
[2026-05-13 08:16:41] Unknown database 'toolroom'
[2026-05-13 08:17:11] Unknown database 'toolroom'
[2026-05-13 08:17:51] Unknown database 'toolroom'
[2026-05-13 08:17:51] Unknown database 'toolroom'
[2026-05-13 08:18:51] Table 'toolroom.tools' doesn't exist
[2026-05-13 08:18:51] Table 'toolroom.transaksi' doesn't exist
[2026-05-13 08:19:51] Table 'toolroom.tools' doesn't exist
[2026-05-13 08:19:51] Table 'toolroom.transaksi' doesn't exist
[2026-05-13 08:20:39] Unknown column 'tr.paired_with_id' in 'where clause'
[2026-05-13 08:20:44] Unknown column 'tr.paired_with_id' in 'where clause'
[2026-05-13 08:21:10] Unknown column 'created_by' in 'field list'
[2026-05-13 08:21:14] Unknown column 'tr.paired_with_id' in 'where clause'
[2026-05-13 08:21:44] Unknown column 'tr.paired_with_id' in 'where clause'
[2026-05-13 08:22:15] Unknown column 'tr.paired_with_id' in 'where clause'
[2026-05-13 08:22:45] Unknown column 'tr.paired_with_id' in 'where clause'
[2026-05-13 08:23:14] Unknown column 'tr.paired_with_id' in 'where clause'
[2026-05-13 08:23:14] Unknown column 'tr.paired_with_id' in 'where clause'
[2026-05-13 08:23:45] Unknown column 'tr.paired_with_id' in 'where clause'
[2026-05-13 08:24:15] Unknown column 'tr.paired_with_id' in 'where clause'
[2026-05-13 08:24:51] Unknown column 'tr.paired_with_id' in 'where clause'
[2026-05-13 08:25:29] Unknown column 'tr.paired_with_id' in 'where clause'
[2026-05-13 08:25:45] Unknown column 'tr.paired_with_id' in 'where clause'
[2026-05-13 08:26:15] Unknown column 'tr.paired_with_id' in 'where clause'
[2026-05-13 08:26:45] Unknown column 'tr.paired_with_id' in 'where clause'
[2026-05-13 08:27:46] Unknown column 'tr.paired_with_id' in 'where clause'
[2026-05-13 08:28:47] Unknown column 'tr.paired_with_id' in 'where clause'
[2026-05-13 08:29:21] Unknown column 'tr.paired_with_id' in 'where clause'
[2026-05-13 08:31:14] Unknown column 'tr.paired_with_id' in 'where clause'
[2026-05-13 08:34:44] Unknown column 'tr.paired_with_id' in 'where clause'
[2026-05-13 08:35:14] Unknown column 'tr.paired_with_id' in 'where clause'
[2026-05-13 08:35:44] Unknown column 'tr.paired_with_id' in 'where clause'
[2026-05-13 08:36:14] Unknown column 'tr.paired_with_id' in 'where clause'
[2026-05-13 08:36:44] Unknown column 'tr.paired_with_id' in 'where clause'
[2026-05-13 08:37:14] Unknown column 'tr.paired_with_id' in 'where clause'
[2026-05-13 08:37:44] Unknown column 'tr.paired_with_id' in 'where clause'
[2026-05-13 08:38:15] Unknown column 'tr.paired_with_id' in 'where clause'
[2026-05-13 08:38:28] Unknown column 'tr.paired_with_id' in 'where clause'
[2026-05-13 08:38:28] Unknown column 'tr.paired_with_id' in 'where clause'
[2026-05-13 08:38:28] Unknown column 'tr.paired_with_id' in 'where clause'
[2026-05-13 08:38:29] Unknown column 'tr.paired_with_id' in 'where clause'
[2026-05-13 08:38:29] Unknown column 'tr.paired_with_id' in 'where clause'
[2026-05-13 08:38:29] Unknown column 'tr.paired_with_id' in 'where clause'
[2026-05-13 08:38:29] Unknown column 'tr.paired_with_id' in 'where clause'
[2026-05-13 08:38:44] Unknown column 'tr.paired_with_id' in 'where clause'
[2026-05-13 08:39:15] Unknown column 'tr.paired_with_id' in 'where clause'
[2026-05-13 08:39:45] Unknown column 'tr.paired_with_id' in 'where clause'
[2026-05-13 08:40:15] Unknown column 'tr.paired_with_id' in 'where clause'
[2026-05-13 08:40:51] Unknown column 'tr.paired_with_id' in 'where clause'
[2026-05-13 08:41:51] Unknown column 'tr.paired_with_id' in 'where clause'
[2026-05-13 08:42:51] Unknown column 'tr.paired_with_id' in 'where clause'
[2026-05-13 08:43:51] Unknown column 'tr.paired_with_id' in 'where clause'
[2026-05-13 08:44:51] Unknown column 'tr.paired_with_id' in 'where clause'
[2026-05-13 08:45:51] Unknown column 'tr.paired_with_id' in 'where clause'
[2026-05-13 08:46:51] Unknown column 'tr.paired_with_id' in 'where clause'
[2026-05-13 08:47:51] Unknown column 'tr.paired_with_id' in 'where clause'
[2026-05-13 08:48:51] Unknown column 'tr.paired_with_id' in 'where clause'
[2026-05-13 08:49:51] Unknown column 'tr.paired_with_id' in 'where clause'
[2026-05-13 08:50:51] Unknown column 'tr.paired_with_id' in 'where clause'
[2026-05-13 08:51:51] Unknown column 'tr.paired_with_id' in 'where clause'
[2026-05-13 08:52:51] Unknown column 'tr.paired_with_id' in 'where clause'
[2026-05-13 08:53:51] Unknown column 'tr.paired_with_id' in 'where clause'
[2026-05-13 08:54:51] Unknown column 'tr.paired_with_id' in 'where clause'
[2026-05-13 08:55:51] Unknown column 'tr.paired_with_id' in 'where clause'
[2026-05-13 08:56:51] Unknown column 'tr.paired_with_id' in 'where clause'
[2026-05-13 08:57:51] Unknown column 'tr.paired_with_id' in 'where clause'
[2026-05-13 08:58:51] Unknown column 'tr.paired_with_id' in 'where clause'
[2026-05-13 08:59:51] Unknown column 'tr.paired_with_id' in 'where clause'
[2026-05-13 09:00:51] Unknown column 'tr.paired_with_id' in 'where clause'
[2026-05-13 09:01:51] Unknown column 'tr.paired_with_id' in 'where clause'
[2026-05-13 09:02:51] Unknown column 'tr.paired_with_id' in 'where clause'
[2026-05-13 09:03:51] Unknown column 'tr.paired_with_id' in 'where clause'
[2026-05-13 09:04:51] Unknown column 'tr.paired_with_id' in 'where clause'
[2026-05-13 09:05:51] Unknown column 'tr.paired_with_id' in 'where clause'
[2026-05-13 09:06:51] Unknown column 'tr.paired_with_id' in 'where clause'
[2026-05-13 09:07:51] Unknown column 'tr.paired_with_id' in 'where clause'
[2026-05-13 09:08:51] Unknown column 'tr.paired_with_id' in 'where clause'
[2026-05-13 09:09:51] Unknown column 'tr.paired_with_id' in 'where clause'
[2026-05-13 09:10:51] Unknown column 'tr.paired_with_id' in 'where clause'
[2026-05-13 09:11:51] Unknown column 'tr.paired_with_id' in 'where clause'
[2026-05-13 09:12:51] Unknown column 'tr.paired_with_id' in 'where clause'
[2026-05-13 09:13:51] Unknown column 'tr.paired_with_id' in 'where clause'
[2026-05-13 09:14:51] Unknown column 'tr.paired_with_id' in 'where clause'
[2026-05-13 09:15:51] Unknown column 'tr.paired_with_id' in 'where clause'
[2026-05-13 09:16:51] Unknown column 'tr.paired_with_id' in 'where clause'
[2026-05-13 09:17:51] Unknown column 'tr.paired_with_id' in 'where clause'
[2026-05-13 09:18:51] Unknown column 'tr.paired_with_id' in 'where clause'
[2026-05-13 09:19:51] Unknown column 'tr.paired_with_id' in 'where clause'
[2026-05-13 09:20:51] Unknown column 'tr.paired_with_id' in 'where clause'
[2026-05-13 09:21:51] Unknown column 'tr.paired_with_id' in 'where clause'
[2026-05-13 09:22:51] Unknown column 'tr.paired_with_id' in 'where clause'
[2026-05-13 09:23:51] Unknown column 'tr.paired_with_id' in 'where clause'
[2026-05-13 09:24:51] Unknown column 'tr.paired_with_id' in 'where clause'
[2026-05-13 09:25:51] Unknown column 'tr.paired_with_id' in 'where clause'
[2026-05-13 09:26:51] Unknown column 'tr.paired_with_id' in 'where clause'
[2026-05-13 09:27:51] Unknown column 'tr.paired_with_id' in 'where clause'
[2026-05-13 09:28:51] Unknown column 'tr.paired_with_id' in 'where clause'
[2026-05-13 09:29:51] Unknown column 'tr.paired_with_id' in 'where clause'
[2026-05-13 09:30:51] Unknown column 'tr.paired_with_id' in 'where clause'
[2026-05-13 09:31:45] Unknown column 'tr.paired_with_id' in 'where clause'
[2026-05-13 09:32:14] Unknown column 'tr.paired_with_id' in 'where clause'
[2026-05-13 09:32:44] Unknown column 'tr.paired_with_id' in 'where clause'
[2026-05-13 09:33:14] Unknown column 'tr.paired_with_id' in 'where clause'
[2026-05-13 09:33:44] Unknown column 'tr.paired_with_id' in 'where clause'
[2026-05-13 09:34:14] Unknown column 'tr.paired_with_id' in 'where clause'
[2026-05-13 09:34:44] Unknown column 'tr.paired_with_id' in 'where clause'
[2026-05-13 09:35:14] Unknown column 'tr.paired_with_id' in 'where clause'
[2026-05-13 09:35:44] Unknown column 'tr.paired_with_id' in 'where clause'
[2026-05-13 09:36:14] Unknown column 'tr.paired_with_id' in 'where clause'
[2026-05-13 09:36:44] Unknown column 'tr.paired_with_id' in 'where clause'
[2026-05-13 09:37:14] Unknown column 'tr.paired_with_id' in 'where clause'
[2026-05-13 09:37:44] Unknown column 'tr.paired_with_id' in 'where clause'
[2026-05-13 09:38:14] Unknown column 'tr.paired_with_id' in 'where clause'
[2026-05-13 09:38:44] Unknown column 'tr.paired_with_id' in 'where clause'
[2026-05-13 09:39:14] Unknown column 'tr.paired_with_id' in 'where clause'
[2026-05-13 09:39:44] Unknown column 'tr.paired_with_id' in 'where clause'
[2026-05-13 09:40:14] Unknown column 'tr.paired_with_id' in 'where clause'
[2026-05-13 09:40:44] Unknown column 'tr.paired_with_id' in 'where clause'
[2026-05-13 09:41:14] Unknown column 'tr.paired_with_id' in 'where clause'
[2026-05-13 09:41:44] Unknown column 'tr.paired_with_id' in 'where clause'
[2026-05-13 09:42:15] Unknown column 'tr.paired_with_id' in 'where clause'
[2026-05-13 09:42:44] Unknown column 'tr.paired_with_id' in 'where clause'
[2026-05-13 09:43:14] Unknown column 'tr.paired_with_id' in 'where clause'
[2026-05-13 09:43:44] Unknown column 'tr.paired_with_id' in 'where clause'
[2026-05-13 09:44:14] Unknown column 'tr.paired_with_id' in 'where clause'
[2026-05-13 09:44:44] Unknown column 'tr.paired_with_id' in 'where clause'
[2026-05-13 09:45:14] Unknown column 'tr.paired_with_id' in 'where clause'
[2026-05-13 09:45:44] Unknown column 'tr.paired_with_id' in 'where clause'
[2026-05-13 09:46:14] Unknown column 'tr.paired_with_id' in 'where clause'
[2026-05-13 09:46:44] Unknown column 'tr.paired_with_id' in 'where clause'
[2026-05-13 09:47:14] Unknown column 'tr.paired_with_id' in 'where clause'
[2026-05-13 09:47:44] Unknown column 'tr.paired_with_id' in 'where clause'
[2026-05-13 09:48:14] Unknown column 'tr.paired_with_id' in 'where clause'
[2026-05-13 09:48:44] Unknown column 'tr.paired_with_id' in 'where clause'
[2026-05-13 09:49:14] Unknown column 'tr.paired_with_id' in 'where clause'
[2026-05-13 09:49:44] Unknown column 'tr.paired_with_id' in 'where clause'
[2026-05-13 09:50:14] Unknown column 'tr.paired_with_id' in 'where clause'
[2026-05-13 09:50:44] Unknown column 'tr.paired_with_id' in 'where clause'
[2026-05-13 09:51:14] Unknown column 'tr.paired_with_id' in 'where clause'
[2026-05-13 09:51:44] Unknown column 'tr.paired_with_id' in 'where clause'
[2026-05-13 09:52:14] Unknown column 'tr.paired_with_id' in 'where clause'
[2026-05-13 09:52:44] Unknown column 'tr.paired_with_id' in 'where clause'
[2026-05-13 09:53:14] Unknown column 'tr.paired_with_id' in 'where clause'
[2026-05-13 09:53:44] Unknown column 'tr.paired_with_id' in 'where clause'
[2026-05-13 09:54:14] Unknown column 'tr.paired_with_id' in 'where clause'
[2026-05-13 09:54:44] Unknown column 'tr.paired_with_id' in 'where clause'
[2026-05-13 09:55:14] Unknown column 'tr.paired_with_id' in 'where clause'
[2026-05-13 09:55:44] Unknown column 'tr.paired_with_id' in 'where clause'
[2026-05-13 09:56:14] Unknown column 'tr.paired_with_id' in 'where clause'
[2026-05-13 09:56:44] Unknown column 'tr.paired_with_id' in 'where clause'
[2026-05-13 09:57:14] Unknown column 'tr.paired_with_id' in 'where clause'
[2026-05-13 09:57:44] Unknown column 'tr.paired_with_id' in 'where clause'
[2026-05-13 14:34:27] Unknown column 'tr.paired_with_id' in 'where clause'
[2026-05-13 14:34:40] Unknown column 'created_by' in 'field list'
[2026-05-13 14:34:58] Unknown column 'tr.paired_with_id' in 'where clause'
[2026-05-13 14:35:28] Unknown column 'tr.paired_with_id' in 'where clause'
[2026-05-13 14:35:58] Unknown column 'tr.paired_with_id' in 'where clause'
[2026-05-13 14:37:03] Tidak ada peminjaman atas nama 'APq' untuk tool ini. Pastikan nama operator sama persis dengan saat meminjam.
[2026-05-13 15:55:11] API Get Tool Error: Tool dengan ID 'TOOL1' tidak ditemukan dalam database
[2026-05-13 15:55:14] API Get Tool Error: Tool dengan ID 'TOOL1' tidak ditemukan dalam database
[2026-05-13 15:55:14] API Get Tool Error: Tool dengan ID 'TOOL1' tidak ditemukan dalam database
[2026-05-13 15:55:14] API Get Tool Error: Tool dengan ID 'TOOL1' tidak ditemukan dalam database
[2026-05-13 15:55:14] API Get Tool Error: Tool dengan ID 'TOOL1' tidak ditemukan dalam database
[2026-05-13 15:55:14] API Get Tool Error: Tool dengan ID 'TOOL1' tidak ditemukan dalam database
[2026-05-13 15:55:15] API Get Tool Error: Tool dengan ID 'TOOL1' tidak ditemukan dalam database
[2026-05-13 15:55:15] API Get Tool Error: Tool dengan ID 'TOOL1' tidak ditemukan dalam database
[2026-05-13 15:55:30] API Get Tool Error: Tool dengan ID 'TOOL1' tidak ditemukan dalam database
[2026-05-13 15:55:33] API Get Tool Error: Tool dengan ID 'TOOL1' tidak ditemukan dalam database
[2026-05-13 15:55:33] API Get Tool Error: Tool dengan ID 'TOOL1' tidak ditemukan dalam database
[2026-05-13 15:55:34] API Get Tool Error: Tool dengan ID 'TOOL1' tidak ditemukan dalam database
[2026-05-15 08:45:50] API Register Tool Error: Nama tool minimal 3 karakter
[2026-05-15 08:45:55] API Register Tool Error: Tool ID 'TOOL011' sudah terdaftar untuk 'Palu'. Gunakan ID yang berbeda.
[2026-05-15 08:45:56] API Register Tool Error: Tool ID 'TOOL011' sudah terdaftar untuk 'Palu'. Gunakan ID yang berbeda.
[2026-05-15 08:45:56] API Register Tool Error: Tool ID 'TOOL011' sudah terdaftar untuk 'Palu'. Gunakan ID yang berbeda.
[2026-05-18 14:49:40] Tool ID 'TOOL21' tidak ditemukan dalam database
[2026-05-19 16:46:44] Stok Kunci Inggris 10" Inch habis (0). Tidak bisa dipinjam.
[2026-05-19 16:47:22] Tidak ada peminjaman atas nama 'Aski' untuk tool ini. Pastikan nama operator sama persis dengan saat meminjam.
